// Jest Snapshot v1, https://goo.gl/fbAQLP

exports[`toHTML when call with text with color should output expected HTML 1`] = `"<span style=\\"color: #55FF55;\\"><span style=\\"font-weight: bold;\\">Hello,&nbsp;</span></span>Wo<span style=\\"color: #00AAAA;\\"><span style=\\"text-decoration: line-through;\\"><span style=\\"text-decoration: underline;\\">rld!</span></span></span>"`;
