// Jest Snapshot v1, https://goo.gl/fbAQLP

exports[`toHTML when call with text with color should output expected HTML 1`] = `"<span style=\\"color: #55FF55;\\"><span style=\\"font-weight: bold;\\">Hello,&nbsp;</span></span>Wo<span style=\\"color: #00AAAA;\\"><span style=\\"text-decoration: line-through;\\"><span style=\\"text-decoration: underline;\\">rld!</span></span></span><br><span style=\\"color: #55FF55;\\">&#60;Minecraft&#62;</span><span style=\\"color: #55FFFF;\\">Text</span><span style=\\"color: #FF5555;\\">JS</span>"`;

exports[`toHTML when call with unicode text should output expected HTML 1`] = `"<span style=\\"color: #55FF55;\\"><span style=\\"font-weight: bold;\\">&#20320;&#22909;ï¼Œ</span></span>&#19990;<span style=\\"color: #00AAAA;\\"><span style=\\"text-decoration: line-through;\\"><span style=\\"text-decoration: underline;\\">&#30028;!</span></span></span>"`;
